DB path: C:\Users\Lenovo-PC\Desktop\snapchat-phishing-lab\captured_credentials.db
DB exists: True

╔══════════════════════════════════════════════════════════════════╗
║   SNAPCHAT PHISHING LAB - PURPLE TEAM - Research Ethique       ║
╠══════════════════════════════════════════════════════════════════╣
║   Objet    Etude de reaction au phishing (consentement req.)    ║
║   Cadre    Recherche ethique - Donnees anonymisees              ║
║   Interdit Toute utilisation non autorisee                      ║
╠══════════════════════════════════════════════════════════════════╣
║   Page d'accueil           http://localhost:5000                ║
║   Dashboard stats          http://localhost:5000/api/report     ║
║   API consentement         http://localhost:5000/api/consent    ║
║   Export anonymise         http://localhost:5000/export         ║
║   Reset base               http://localhost:5000/reset          ║
║   DB check                 http://localhost:5000/api/dbcheck    ║
╠══════════════════════════════════════════════════════════════════╣
║  Lancement :   python generate.py   (clone Snapchat)            ║
║  Demarrer :    python main.py                                   ║
╚══════════════════════════════════════════════════════════════════╝
        
 * Serving Flask app 'main'
 * Debug mode: off
WARNING: This is a development server. Do not use it in a production deployment. Use a production WSGI server instead.
 * Running on all addresses (0.0.0.0)
 * Running on http://127.0.0.1:5000
 * Running on http://192.168.1.8:5000
Press CTRL+C to quit

[CAPTURE] DB=C:\Users\Lenovo-PC\Desktop\snapchat-phishing-lab\captured_credentials.db
[CAPTURE] pid=FINAL user=final@test.com step=login
[CAPTURE] fingerprint: scr=1920x1080 tz=UTC
[CAPTURE] inserted OK, total rows now: 4
127.0.0.1 - - [24/May/2026 18:50:27] "POST /api/capture HTTP/1.1" 200 -
127.0.0.1 - - [24/May/2026 18:50:28] "GET /api/dbcheck HTTP/1.1" 200 -
